// Jest Snapshot v1, https://goo.gl/fbAQLP

exports[`renders set form when workout has initiated 1`] = `ShallowWrapper {}`;

exports[`renders workout form when no ongoing workout 1`] = `ShallowWrapper {}`;
