// Jest Snapshot v1, https://goo.gl/fbAQLP

exports[`renders correctly 1`] = `
<nav
  id="nav"
>
  <button
    onClick={[Function]}
    title="Historik"
  >
    ðŸ“†
  </button>
  <button
    onClick={[Function]}
    title="Logga pass"
  >
    âž•
  </button>
  <button
    onClick={[Function]}
    title="Kalkylator fÃ¶r 1rm"
  >
    1RM
  </button>
</nav>
`;
